../Application/User/Core/clovece_nezlob_se.c:35:9:set_color	4	static
../Application/User/Core/clovece_nezlob_se.c:203:9:roll_dice	16	static
../Application/User/Core/clovece_nezlob_se.c:219:6:select_pawn	4	static
../Application/User/Core/clovece_nezlob_se.c:248:9:select_player	0	static
../Application/User/Core/clovece_nezlob_se.c:55:6:init_player	40	static
../Application/User/Core/clovece_nezlob_se.c:87:6:init_player_data	16	static
../Application/User/Core/clovece_nezlob_se.c:168:6:init_board	16	static
../Application/User/Core/clovece_nezlob_se.c:348:6:set_position_of_all_pawns	48	static
../Application/User/Core/clovece_nezlob_se.c:435:6:init_finish	40	static
../Application/User/Core/clovece_nezlob_se.c:461:6:check_for_overlap	16	static
../Application/User/Core/clovece_nezlob_se.c:486:6:overlap_animation	8	static
../Application/User/Core/clovece_nezlob_se.c:502:6:selected_pawn_animation	8	static
../Application/User/Core/clovece_nezlob_se.c:544:6:pawn_kick_set_start_animation	48	static
../Application/User/Core/clovece_nezlob_se.c:512:6:pawn_kick_set_board_animation	40	static
../Application/User/Core/clovece_nezlob_se.c:372:6:kick_out_pawn	56	static
../Application/User/Core/clovece_nezlob_se.c:583:6:pawn_finish_animation	32	static
../Application/User/Core/clovece_nezlob_se.c:616:6:player_finish_animation	32	static
../Application/User/Core/clovece_nezlob_se.c:411:6:check_finish_pawn	16	static
../Application/User/Core/clovece_nezlob_se.c:651:6:sync_info	8	static
../Application/User/Core/clovece_nezlob_se.c:667:9:handle_ai_player_movement	16	static
../Application/User/Core/clovece_nezlob_se.c:707:6:check_player_finish	0	static
../Application/User/Core/clovece_nezlob_se.c:721:6:check_end_game	32	static
../Application/User/Core/clovece_nezlob_se.c:273:6:move_pawn	56	static
