../Application/User/Core/clovece_nezlob_se.c:30:9:set_color	4	static
../Application/User/Core/clovece_nezlob_se.c:197:9:roll_dice	16	static
../Application/User/Core/clovece_nezlob_se.c:212:6:select_pawn	4	static
../Application/User/Core/clovece_nezlob_se.c:241:9:select_player	0	static
../Application/User/Core/clovece_nezlob_se.c:50:6:init_player	40	static
../Application/User/Core/clovece_nezlob_se.c:82:6:init_player_data	16	static
../Application/User/Core/clovece_nezlob_se.c:162:6:init_board	16	static
../Application/User/Core/clovece_nezlob_se.c:342:6:set_position_of_all_pawns	48	static
../Application/User/Core/clovece_nezlob_se.c:429:6:init_finish	40	static
../Application/User/Core/clovece_nezlob_se.c:455:6:check_for_overlap	16	static
../Application/User/Core/clovece_nezlob_se.c:481:6:overlap_animation	8	static
../Application/User/Core/clovece_nezlob_se.c:497:6:selected_pawn_animation	8	static
../Application/User/Core/clovece_nezlob_se.c:539:6:pawn_kick_set_start_animation	48	static
../Application/User/Core/clovece_nezlob_se.c:507:6:pawn_kick_set_board_animation	40	static
../Application/User/Core/clovece_nezlob_se.c:366:6:kick_out_pawn	56	static
../Application/User/Core/clovece_nezlob_se.c:578:6:pawn_finish_animation	32	static
../Application/User/Core/clovece_nezlob_se.c:611:6:player_finish_animation	32	static
../Application/User/Core/clovece_nezlob_se.c:405:6:check_finish_pawn	16	static
../Application/User/Core/clovece_nezlob_se.c:646:6:sync_info	8	static
../Application/User/Core/clovece_nezlob_se.c:662:9:handle_ai_player_movement	16	static
../Application/User/Core/clovece_nezlob_se.c:702:6:check_player_finish	0	static
../Application/User/Core/clovece_nezlob_se.c:716:6:check_end_game	32	static
../Application/User/Core/clovece_nezlob_se.c:267:6:move_pawn	56	static
