../Application/User/Core/clovece_nezlob_se.c:30:9:set_color	4	static
../Application/User/Core/clovece_nezlob_se.c:196:9:roll_dice	16	static
../Application/User/Core/clovece_nezlob_se.c:211:6:select_pawn	4	static
../Application/User/Core/clovece_nezlob_se.c:240:9:select_player	0	static
../Application/User/Core/clovece_nezlob_se.c:50:6:init_player	40	static
../Application/User/Core/clovece_nezlob_se.c:82:6:init_player_data	16	static
../Application/User/Core/clovece_nezlob_se.c:161:6:init_board	16	static
../Application/User/Core/clovece_nezlob_se.c:340:6:set_position_of_all_pawns	48	static
../Application/User/Core/clovece_nezlob_se.c:427:6:init_finish	40	static
../Application/User/Core/clovece_nezlob_se.c:453:6:check_for_overlap	16	static
../Application/User/Core/clovece_nezlob_se.c:479:6:overlap_animation	8	static
../Application/User/Core/clovece_nezlob_se.c:495:6:selected_pawn_animation	8	static
../Application/User/Core/clovece_nezlob_se.c:537:6:pawn_kick_set_start_animation	48	static
../Application/User/Core/clovece_nezlob_se.c:505:6:pawn_kick_set_board_animation	40	static
../Application/User/Core/clovece_nezlob_se.c:364:6:kick_out_pawn	56	static
../Application/User/Core/clovece_nezlob_se.c:576:6:pawn_finish_animation	32	static
../Application/User/Core/clovece_nezlob_se.c:609:6:player_finish_animation	32	static
../Application/User/Core/clovece_nezlob_se.c:403:6:check_finish_pawn	16	static
../Application/User/Core/clovece_nezlob_se.c:644:6:sync_info	8	static
../Application/User/Core/clovece_nezlob_se.c:660:9:handle_ai_player_movement	16	static
../Application/User/Core/clovece_nezlob_se.c:700:6:check_player_finish	0	static
../Application/User/Core/clovece_nezlob_se.c:714:6:check_end_game	32	static
../Application/User/Core/clovece_nezlob_se.c:266:6:move_pawn	56	static
