C:/TouchGFXProjects/App/Core/Src/main.c:163:6:SystemClock_Config	3
C:/TouchGFXProjects/App/Core/Src/main.c:589:6:settings_animation	1
C:/TouchGFXProjects/App/Core/Src/main.c:595:6:init_game	1
C:/TouchGFXProjects/App/Core/Src/main.c:617:6:handle_initialization	1
C:/TouchGFXProjects/App/Core/Src/main.c:623:6:handle_in_progress	10
C:/TouchGFXProjects/App/Core/Src/main.c:663:6:handle_finish	1
C:/TouchGFXProjects/App/Core/Src/main.c:667:6:set_player_color	1
C:/TouchGFXProjects/App/Core/Src/main.c:90:5:main	19
C:/TouchGFXProjects/App/Core/Src/main.c:699:6:Error_Handler	1
