../Application/User/Core/milis.c:42:6:handle_selected_pawn_delay	16	static
../Application/User/Core/milis.c:77:6:handle_settings_animation_delay	48	static
../Application/User/Core/milis.c:129:6:handle_settings_animation_start_delay	56	static
../Application/User/Core/milis.c:183:6:handle_settings_animation_end_delay	56	static
../Application/User/Core/milis.c:16:6:delay	8	static
../Application/User/Core/milis.c:237:6:handle_overlap_animation	16	static
../Application/User/Core/milis.c:258:6:HAL_TIM_PeriodElapsedCallback	0	static
