../Application/User/Core/ws2812b.c:74:9:set_num_of_leds	0	static
../Application/User/Core/ws2812b.c:99:6:set_LED_color	12	static
../Application/User/Core/ws2812b.c:175:6:HAL_TIM_PWM_PulseFinishedCallback	8	static
../Application/User/Core/ws2812b.c:197:6:turn_on_all_led	40	static
../Application/User/Core/ws2812b.c:213:6:set_data_array_value	24	static
../Application/User/Core/ws2812b.c:249:11:set_data_array	0	static
../Application/User/Core/ws2812b.c:51:6:set_PWM_channel	8	static
../Application/User/Core/ws2812b.c:123:6:send_data	40	static
../Application/User/Core/ws2812b.c:270:6:set_brightness	40	static
../Application/User/Core/ws2812b.c:298:6:set_brightness_individually	24	static
../Application/User/Core/ws2812b.c:321:6:init_brightness	16	static
