../../Middlewares/ST/touchgfx/framework/include/touchgfx/Drawable.hpp:315:18:virtual void touchgfx::Drawable::setX(int16_t)	0	static
../../Middlewares/ST/touchgfx/framework/include/touchgfx/Drawable.hpp:327:18:virtual void touchgfx::Drawable::setY(int16_t)	0	static
../../Middlewares/ST/touchgfx/framework/include/touchgfx/Drawable.hpp:356:18:virtual void touchgfx::Drawable::setWidth(int16_t)	0	static
../../Middlewares/ST/touchgfx/framework/include/touchgfx/Drawable.hpp:368:18:virtual void touchgfx::Drawable::setHeight(int16_t)	0	static
../../Middlewares/ST/touchgfx/framework/include/touchgfx/Drawable.hpp:378:18:virtual void touchgfx::Drawable::childGeometryChanged()	0	static
../../Middlewares/ST/touchgfx/framework/include/touchgfx/Drawable.hpp:389:18:virtual void touchgfx::Drawable::handleClickEvent(const touchgfx::ClickEvent&)	0	static
../../Middlewares/ST/touchgfx/framework/include/touchgfx/Drawable.hpp:401:18:virtual void touchgfx::Drawable::handleGestureEvent(const touchgfx::GestureEvent&)	0	static
../../Middlewares/ST/touchgfx/framework/include/touchgfx/Drawable.hpp:490:18:virtual void touchgfx::Drawable::handleDragEvent(const touchgfx::DragEvent&)	0	static
../../Middlewares/ST/touchgfx/framework/include/touchgfx/Drawable.hpp:501:18:virtual void touchgfx::Drawable::handleTickEvent()	0	static
../../Middlewares/ST/touchgfx/framework/include/touchgfx/Drawable.hpp:588:18:virtual void touchgfx::Drawable::moveTo(int16_t, int16_t)	8	static
../../Middlewares/ST/touchgfx/framework/include/touchgfx/containers/Container.hpp:165:23:virtual touchgfx::Drawable* touchgfx::Container::getFirstChild()	0	static
C:/TouchGFXProjects/App/TouchGFX/gui/src/containers/numberOfAIPlayersSetting.cpp:53:6:virtual void numberOfAIPlayersSetting::handleColorCircles(uint8_t, uint8_t)	32	static
C:/TouchGFXProjects/App/TouchGFX/gui/src/containers/numberOfAIPlayersSetting.cpp:13:6:virtual void numberOfAIPlayersSetting::changeNumberOfPlayers(uint8_t)	8	static
C:/TouchGFXProjects/App/TouchGFX/gui/src/containers/numberOfAIPlayersSetting.cpp:77:6:virtual void numberOfAIPlayersSetting::hideText()	8	static
C:/TouchGFXProjects/App/TouchGFX/gui/src/containers/numberOfAIPlayersSetting.cpp:82:6:virtual void numberOfAIPlayersSetting::showText()	8	static
../../TouchGFX/gui/include/gui/containers/numberOfAIPlayersSetting.hpp:10:13:numberOfAIPlayersSetting::~numberOfAIPlayersSetting()	8	static
../../TouchGFX/gui/include/gui/containers/numberOfAIPlayersSetting.hpp:10:13:virtual numberOfAIPlayersSetting::~numberOfAIPlayersSetting()	8	static
../../Middlewares/ST/touchgfx/framework/include/touchgfx/Drawable.hpp:121:18:virtual void touchgfx::Drawable::invalidateContent() const	8	static
C:/TouchGFXProjects/App/TouchGFX/gui/src/containers/numberOfAIPlayersSetting.cpp:23:6:virtual void numberOfAIPlayersSetting::hideArrow(uint8_t)	8	static
C:/TouchGFXProjects/App/TouchGFX/gui/src/containers/numberOfAIPlayersSetting.cpp:39:6:virtual void numberOfAIPlayersSetting::showArrow(uint8_t)	8	static
C:/TouchGFXProjects/App/TouchGFX/gui/src/containers/numberOfAIPlayersSetting.cpp:3:1:numberOfAIPlayersSetting::numberOfAIPlayersSetting()	8	static
C:/TouchGFXProjects/App/TouchGFX/gui/src/containers/numberOfAIPlayersSetting.cpp:8:6:virtual void numberOfAIPlayersSetting::initialize()	8	static
