../../Middlewares/ST/touchgfx/framework/include/touchgfx/Screen.hpp:104:18:virtual void touchgfx::Screen::afterTransition()	0	static
C:/TouchGFXProjects/App/TouchGFX/gui/src/screen2_screen/Screen2View.cpp:21:6:virtual void Screen2View::tearDownScreen()	0	static
C:/TouchGFXProjects/App/TouchGFX/gui/src/screen2_screen/Screen2View.cpp:26:6:virtual void Screen2View::incrementValue()	8	static
C:/TouchGFXProjects/App/TouchGFX/gui/src/screen2_screen/Screen2View.cpp:45:6:virtual void Screen2View::decrementValue()	8	static
../../TouchGFX/gui/include/gui/screen2_screen/Screen2View.hpp:12:13:Screen2View::~Screen2View()	8	static
../../TouchGFX/gui/include/gui/screen2_screen/Screen2View.hpp:12:13:virtual Screen2View::~Screen2View()	8	static
C:/TouchGFXProjects/App/TouchGFX/gui/src/screen2_screen/Screen2View.cpp:5:1:Screen2View::Screen2View()	8	static
C:/TouchGFXProjects/App/TouchGFX/gui/src/screen2_screen/Screen2View.cpp:10:6:virtual void Screen2View::setupScreen()	8	static
C:/TouchGFXProjects/App/TouchGFX/gui/src/screen2_screen/Screen2View.cpp:64:6:virtual void Screen2View::select()	8	static
C:/TouchGFXProjects/App/TouchGFX/gui/src/screen2_screen/Screen2View.cpp:102:6:virtual void Screen2View::scrollUp()	16	static
C:/TouchGFXProjects/App/TouchGFX/gui/src/screen2_screen/Screen2View.cpp:135:6:virtual void Screen2View::scrollDown()	16	static
C:/TouchGFXProjects/App/TouchGFX/gui/src/screen2_screen/Screen2View.cpp:179:6:virtual void Screen2View::selectWidget(uint8_t)	32	static
C:/TouchGFXProjects/App/TouchGFX/gui/src/screen2_screen/Screen2View.cpp:243:6:virtual void Screen2View::handleNumberOfPlayersTotal(uint8_t)	24	static
C:/TouchGFXProjects/App/TouchGFX/gui/src/screen2_screen/Screen2View.cpp:280:6:virtual void Screen2View::handleFillWithBots(uint8_t)	8	static
C:/TouchGFXProjects/App/TouchGFX/gui/src/screen2_screen/Screen2View.cpp:290:6:virtual void Screen2View::handleTickEvent()	16	static
C:/TouchGFXProjects/App/TouchGFX/gui/src/screen2_screen/Screen2View.cpp:313:6:virtual void Screen2View::handleArrowAnimation()	16	static
C:/TouchGFXProjects/App/TouchGFX/gui/src/screen2_screen/Screen2View.cpp:384:6:virtual void Screen2View::handleNumberOfPlayersReal(uint8_t)	24	static
C:/TouchGFXProjects/App/TouchGFX/gui/src/screen2_screen/Screen2View.cpp:423:6:virtual void Screen2View::handleNumberOfPlayersAI(uint8_t)	24	static
