../../Middlewares/ST/touchgfx/framework/include/touchgfx/Screen.hpp:104:18:virtual void touchgfx::Screen::afterTransition()	0	static
C:/TouchGFXProjects/App/TouchGFX/gui/src/screen6_screen/Screen6View.cpp:47:6:virtual void Screen6View::tearDownScreen()	0	static
C:/TouchGFXProjects/App/TouchGFX/gui/src/screen6_screen/Screen6View.cpp:56:6:virtual void Screen6View::restartGame()	0	static,ignoring_inline_asm
C:/TouchGFXProjects/App/TouchGFX/gui/src/screen6_screen/Screen6View.cpp:60:6:virtual void Screen6View::handleTickEvent()	8	static
C:/TouchGFXProjects/App/TouchGFX/gui/src/screen6_screen/Screen6View.cpp:52:6:virtual void Screen6View::scrollUp()	8	static
../../TouchGFX/gui/include/gui/screen6_screen/Screen6View.hpp:10:13:Screen6View::~Screen6View()	8	static
../../TouchGFX/gui/include/gui/screen6_screen/Screen6View.hpp:10:13:virtual Screen6View::~Screen6View()	8	static
C:/TouchGFXProjects/App/TouchGFX/gui/src/screen6_screen/Screen6View.cpp:9:1:Screen6View::Screen6View()	8	static
C:/TouchGFXProjects/App/TouchGFX/gui/src/screen6_screen/Screen6View.cpp:14:6:virtual void Screen6View::setupScreen()	16	static
C:/TouchGFXProjects/App/TouchGFX/gui/src/screen6_screen/Screen6View.cpp:65:6:virtual void Screen6View::handleBoxAnimation()	16	static
C:/TouchGFXProjects/App/TouchGFX/gui/src/screen6_screen/Screen6View.cpp:87:6:virtual void Screen6View::setGameStats()	40	static
