../../Middlewares/ST/touchgfx/framework/include/touchgfx/Screen.hpp:104:18:virtual void touchgfx::Screen::afterTransition()	0	static
C:/TouchGFXProjects/App/TouchGFX/gui/src/screen5_screen/Screen5View.cpp:49:6:virtual void Screen5View::tearDownScreen()	0	static
C:/TouchGFXProjects/App/TouchGFX/gui/src/screen5_screen/Screen5View.cpp:58:6:virtual void Screen5View::handleTickEvent()	8	static
C:/TouchGFXProjects/App/TouchGFX/gui/src/screen5_screen/Screen5View.cpp:54:6:virtual void Screen5View::scrollDown()	8	static
../../TouchGFX/gui/include/gui/screen5_screen/Screen5View.hpp:15:13:Screen5View::~Screen5View()	8	static
../../TouchGFX/gui/include/gui/screen5_screen/Screen5View.hpp:15:13:virtual Screen5View::~Screen5View()	8	static
C:/TouchGFXProjects/App/TouchGFX/gui/src/screen5_screen/Screen5View.cpp:3:1:Screen5View::Screen5View()	8	static
C:/TouchGFXProjects/App/TouchGFX/gui/src/screen5_screen/Screen5View.cpp:8:6:virtual void Screen5View::setupScreen()	40	static
C:/TouchGFXProjects/App/TouchGFX/gui/src/screen5_screen/Screen5View.cpp:64:6:virtual void Screen5View::handleBoxAnimation()	16	static
